382.176	-16.0995
424.6	130.446
217.272	-54.9931
374.139	93.9343
23.2899	428.681
avg acceleration=(x=45.3391 m/s^2, y=14.7379 m/s^2)
avg displacement/second=(x=2.26695 m, y=0.736894 m)
